// Jest Snapshot v1, https://goo.gl/fbAQLP

exports[`app component renders as expected 1`] = `
<div
  className="ui container"
>
  <h1>
    Heya, heya, heya!
  </h1>
</div>
`;
