    Asset     Size  Chunks             Chunk Names
bundle.js  1.42 kB       0  [emitted]  main
chunk    {0} bundle.js (main) 28 bytes [rendered]
    [0] ./.test/importWatch/app.ts 28 bytes {0} [built]