    Asset     Size  Chunks             Chunk Names
bundle.js  2.28 kB       0  [emitted]  main
chunk    {0} bundle.js (main) 805 bytes [rendered]
    [0] ./.test/jsxPreserve/app.tsx 763 bytes {0} [built]
    [1] external "react" 42 bytes {0} [not cacheable]