    Asset     Size  Chunks             Chunk Names
bundle.js  1.75 kB       0  [emitted]  main
chunk    {0} bundle.js (main) 351 bytes [rendered]
    [0] ./.test/es6resolveParent/index.tsx 351 bytes {0} [built]