        Asset     Size  Chunks             Chunk Names
    bundle.js  2.41 kB       0  [emitted]  main
bundle.js.map  2.51 kB       0  [emitted]  main
chunk    {0} bundle.js, bundle.js.map (main) 882 bytes [rendered]
    [0] ./.test/issue81/a.ts 882 bytes {0} [built]